Map(
  "user" -> Map(
    "id" -> 1, 
    "name" -> Some("yamada"), 
    "child" -> Map(
      "id" -> 2, 
      "name" -> None
    )
  )
)