Map(
  "ValidationError" -> List(
    Map(
      "message" -> "LoginIdは4文字以上20文字以下半角英数字で必須入力です"
    ), 
    Map(
      "message" -> "LoginIdは4文字以上20文字以下半角英数字で必須入力です"
    )
  )
)