Map(
  "user" -> Map(
    "id" -> 1, 
    "name" -> "yamada", 
    "child" -> Map(
      "id" -> 2, 
      "name" -> "hana"
    )
  )
)